

Wed Oct 21 18:46:31 2020
Command line: TestDisk

TestDisk 7.0, Data Recovery Utility, April 2015
Christophe GRENIER <grenier@cgsecurity.org>
http://www.cgsecurity.org
OS: Linux, kernel 4.15.0-120-generic (#122~16.04.1-Ubuntu SMP Wed Sep 30 15:09:00 UTC 2020) x86_64
Compiler: GCC 5.3
ext2fs lib: 1.42.13, ntfs lib: libntfs-3g, reiserfs lib: none, ewf lib: none, curses lib: ncurses 6.0
/dev/sda: LBA, LBA48 support
/dev/sda: size       1953525168 sectors
/dev/sda: user_max   1953525168 sectors
Warning: can't get size for Disk /dev/mapper/control - 0 B - 0 sectors, sector size=512
Hard disk list
Disk /dev/sda - 1000 GB / 931 GiB - CHS 121601 255 63, sector size=512 - WDC WD10SPZX-24Z10, S/N:WD-WXP1E88ET2L7, FW:04.01A04

Partition table type (auto): EFI GPT
Disk /dev/sda - 1000 GB / 931 GiB - WDC WD10SPZX-24Z10
Partition table type: EFI GPT

Interface Advanced
hdr_size=92
hdr_lba_self=1
hdr_lba_alt=1953525167 (expected 1953525167)
hdr_lba_start=34
hdr_lba_end=1953525134
hdr_lba_table=2
hdr_entries=128
hdr_entsz=128
check_part_gpt failed for partition
 2 P MS Reserved               534528     567295      32768 [Microsoft reserved partition]
 1 P EFI System                  2048     534527     532480 [EFI system partition]
 2 P MS Reserved               534528     567295      32768 [Microsoft reserved partition]
 3 P MS Data                   567296 1742579711 1742012416 [Basic data partition]
     NTFS, blocksize=4096, 891 GB / 830 GiB
 5 P EFI System            1742579712 1742970879     391168
 6 P Unknown               1742970880 1943662591  200691712
 7 P Linux Swap            1943662592 1951475711    7813120
 4 P Unknown               1951475712 1953523711    2048000 [Basic data partition]
Incomplete image created.

Interface Advanced
hdr_size=92
hdr_lba_self=1
hdr_lba_alt=1953525167 (expected 1953525167)
hdr_lba_start=34
hdr_lba_end=1953525134
hdr_lba_table=2
hdr_entries=128
hdr_entsz=128
check_part_gpt failed for partition
 2 P MS Reserved               534528     567295      32768 [Microsoft reserved partition]
 1 P EFI System                  2048     534527     532480 [EFI system partition]
 2 P MS Reserved               534528     567295      32768 [Microsoft reserved partition]
 3 P MS Data                   567296 1742579711 1742012416 [Basic data partition]
     NTFS, blocksize=4096, 891 GB / 830 GiB
 5 P EFI System            1742579712 1742970879     391168
 6 P Unknown               1742970880 1943662591  200691712
 7 P Linux Swap            1943662592 1951475711    7813120
 4 P Unknown               1951475712 1953523711    2048000 [Basic data partition]
Partition table type (auto): EFI GPT
Disk /dev/sda - 1000 GB / 931 GiB - WDC WD10SPZX-24Z10
Partition table type: EFI GPT

Interface Advanced
hdr_size=92
hdr_lba_self=1
hdr_lba_alt=1953525167 (expected 1953525167)
hdr_lba_start=34
hdr_lba_end=1953525134
hdr_lba_table=2
hdr_entries=128
hdr_entsz=128
check_part_gpt failed for partition
 2 P MS Reserved               534528     567295      32768 [Microsoft reserved partition]
 1 P EFI System                  2048     534527     532480 [EFI system partition]
 2 P MS Reserved               534528     567295      32768 [Microsoft reserved partition]
 3 P MS Data                   567296 1742579711 1742012416 [Basic data partition]
     NTFS, blocksize=4096, 891 GB / 830 GiB
 5 P EFI System            1742579712 1742970879     391168
 6 P Unknown               1742970880 1943662591  200691712
 7 P Linux Swap            1943662592 1951475711    7813120
 4 P Unknown               1951475712 1953523711    2048000 [Basic data partition]
Incomplete image created.
SIGHUP detected! TestDisk has been killed.
